// Jest Snapshot v1, https://goo.gl/fbAQLP

exports[`CountDownTimer 1`] = `
NodeList [
  <div
    class="count-down  border-color-green ribbon-container"
  >
    <div
      class="ribbon-child"
    >
      NEW
    </div>
    <div
      class="count-down-title color-green"
    >
      Player 1
    </div>
    <div
      class="count-down-title"
    >
      Timer 1
    </div>
    <ul
      class="count-down-timer flex-container"
    >
      <li
        class="count-down-timer-element flex-child"
      >
        <span
          class="color-green timer-value"
        >
          00
        </span>
        <div
          class="count-down-timer-unit"
        >
          hours
        </div>
      </li>
      <li
        class="count-down-timer-element flex-child"
      >
        <span
          class="color-green timer-value"
        >
          00
        </span>
        <div
          class="count-down-timer-unit"
        >
          minutes
        </div>
      </li>
      <li
        class="count-down-timer-element flex-child"
      >
        <span
          class="timer-value"
        >
          59
        </span>
        <div
          class="count-down-timer-unit"
        >
          seconds
        </div>
      </li>
    </ul>
    <div
      class="count-down-timer-money"
    >
      <div
        class="money-title"
      >
        End Time:
      </div>
       
      <div
        class="money-value color-green"
      >
        01:03 AM
      </div>
    </div>
    <div
      class="count-down-timer-money"
    >
      <div
        class="money-title"
      >
        Exfil Money:
      </div>
       
      <div
        class="money-value color-green"
      >
        $
        700
      </div>
    </div>
    <div
      class="count-down-timer-money"
    >
      <div
        class="money-title"
      >
        Dead Drop:
      </div>
       
      <div
        class="money-value color-green"
      >
        $
        500
      </div>
    </div>
    <button
      class="remove-timer"
    >
      Delete this timer
    </button>
  </div>,
]
`;
