// Jest Snapshot v1, https://goo.gl/fbAQLP

exports[`FAQ 1`] = `
NodeList [
  <div
    id="faq-section"
  >
    <h3
      class="font-bold my-5 py-1 text-xl text-lime-500"
      id="faq"
    >
      <a
        href="#faq"
      >
        FAQ
      </a>
    </h3>
    <div
      class="text-base lg:text-lg mt-2.5"
    >
      <div
        class="text-left sm:text-center cursor-pointer font-bold mb-2 text-lime-400 hover:text-lime-500"
      >
        What is DMZ? [+]
      </div>
    </div>
    <div
      class="text-base lg:text-lg my-5"
    >
      <div
        class="text-left sm:text-center cursor-pointer font-bold mb-2 text-lime-400 hover:text-lime-500"
      >
        What is this website? [-]
      </div>
      <div
        class="text-left sm:text-justify mb-5"
      >
        <div
          class="mb-5"
        >
          DMZ: 
          <span
            class="text-lime-400"
          >
            Currency to Cooldown Converter
          </span>
           is an unofficial website which focuses primarily on getting your lost, insured weapons back as efficiently as possible. In the game, dying on the battlefield with an insured weapon means that the weapon gets locked behind a cooldown timer. By default, the player has to wait for a certain amount of hours before selecting this same weapon.
        </div>
        <div
          class="mb-5"
        >
          The player can make this process faster by using money to reduce said cooldown timer. This website provides 
          <b>
            money-to-time
          </b>
           and 
          <b>
            time-to-money
          </b>
           conversions for these lost, insured weapons.
        </div>
      </div>
    </div>
    <div
      class="text-base lg:text-lg mt-2.5"
    >
      <div
        class="text-left sm:text-center cursor-pointer font-bold mb-2 text-lime-400 hover:text-lime-500"
      >
        What are the hourly rates? [+]
      </div>
    </div>
    <div
      class="text-base lg:text-lg mt-2.5"
    >
      <div
        class="text-left sm:text-center cursor-pointer font-bold mb-2 text-lime-400 hover:text-lime-500"
      >
        What are dead drops? [+]
      </div>
    </div>
    <div
      class="text-base lg:text-lg mt-2.5"
    >
      <div
        class="text-left sm:text-center cursor-pointer font-bold mb-2 text-lime-400 hover:text-lime-500"
      >
        Where are dead drops? [+]
      </div>
    </div>
    <div
      class="text-base lg:text-lg mt-2.5"
    >
      <div
        class="text-left sm:text-center cursor-pointer font-bold mb-2 text-lime-400 hover:text-lime-500"
      >
        What about items? [+]
      </div>
    </div>
    <div
      class="text-base lg:text-lg mt-2.5"
    >
      <div
        class="text-left sm:text-center cursor-pointer font-bold mb-2 text-lime-400 hover:text-lime-500"
      >
        I don't understand the use-case(s) [+]
      </div>
    </div>
    <div
      class="text-base lg:text-lg mt-2.5"
    >
      <div
        class="text-left sm:text-center cursor-pointer font-bold mb-2 text-lime-400 hover:text-lime-500"
      >
        I think your formulae are incorrect [+]
      </div>
    </div>
    <div
      class="text-base lg:text-lg mt-2.5"
    >
      <div
        class="text-left sm:text-center cursor-pointer font-bold mb-2 text-lime-400 hover:text-lime-500"
      >
        <div
          class="inline text-amber-500 hover:text-amber-600"
        >
          [New] 
        </div>
        What changed between Season 01 and Season 03 Reloaded? [+]
      </div>
    </div>
    <div
      class="text-base lg:text-lg mt-2.5"
    >
      <div
        class="text-left sm:text-center cursor-pointer font-bold mb-2 text-lime-400 hover:text-lime-500"
      >
        Is there a time difference between the maps? [+]
      </div>
    </div>
    <div
      class="text-base lg:text-lg mt-2.5"
    >
      <div
        class="text-left sm:text-center cursor-pointer font-bold mb-2 text-lime-400 hover:text-lime-500"
      >
        Why is the maximum number of players high on this website? [+]
      </div>
    </div>
    <div
      class="text-base lg:text-lg mt-2.5"
    >
      <div
        class="text-left sm:text-center cursor-pointer font-bold mb-2 text-lime-400 hover:text-lime-500"
      >
        Can I bake cakes with this website? [+]
      </div>
    </div>
    <div
      class="text-base lg:text-lg mt-2.5"
    >
      <div
        class="text-left sm:text-center cursor-pointer font-bold mb-2 text-lime-400 hover:text-lime-500"
      >
        What about cookies? [+]
      </div>
    </div>
  </div>,
]
`;
