// Jest Snapshot v1, https://goo.gl/fbAQLP

exports[`Footer 1`] = `
NodeList [
  <div
    class="flex flex-col items-center justify-center text-sm text-black"
    id="footer"
  >
    <div>
      Developed by
       
      <a
        class="text-green-700 underline"
        href="https://github.com/sebranly/dmz"
        rel="noopener noreferrer"
        target="_blank"
        title="GitHub page for repository"
      >
        sebranly
      </a>
       
      with 💚
    </div>
    <div>
      Website version
       
      <a
        class="text-green-700 underline"
        href="https://github.com/sebranly/dmz/releases"
        rel="noopener noreferrer"
        target="_blank"
        title="Website changelog"
      >
        1.6.0
      </a>
    </div>
  </div>,
]
`;
