// Jest Snapshot v1, https://goo.gl/fbAQLP

exports[`Footer 1`] = `
NodeList [
  <div
    class="App-footer"
  >
    <div>
      Developed by
       
      <a
        href="https://github.com/sebranly/dmz"
        rel="noopener noreferrer"
        target="_blank"
        title="GitHub page for repository"
      >
        sebranly
      </a>
       
      with 💚
    </div>
    <div>
      Website version
       
      <a
        href="https://github.com/sebranly/dmz/releases"
        rel="noopener noreferrer"
        target="_blank"
        title="Website changelog"
      >
        1.3.0
      </a>
    </div>
  </div>,
]
`;
