// Jest Snapshot v1, https://goo.gl/fbAQLP

exports[`TimerCard 1`] = `
NodeList [
  <div
    class="timer-card-component border-solid border-2 rounded-lg border-green-500 relative"
  >
    <div
      class="ribbon-child"
    >
      NEW
    </div>
    <div
      class="timer-card-title text-green-500"
    >
      Player 1
    </div>
    <div
      class="timer-card-title"
    >
      Timer 1
    </div>
    <ul
      class="timer-card flex justify-center"
    >
      <li
        class="timer-card-element"
      >
        <span
          class="text-green-500"
        >
          00
        </span>
        <div
          class="timer-card-unit"
        >
          hours
        </div>
      </li>
      <li
        class="timer-card-element"
      >
        <span
          class="text-green-500"
        >
          00
        </span>
        <div
          class="timer-card-unit"
        >
          minutes
        </div>
      </li>
      <li
        class="timer-card-element"
      >
        <span
          class=""
        >
          59
        </span>
        <div
          class="timer-card-unit"
        >
          seconds
        </div>
      </li>
    </ul>
    <div
      class="timer-card-money flex"
    >
      <div
        class="grow"
      >
        End Time:
      </div>
       
      <div
        class="money-value text-green-500"
      >
        01:03 AM
      </div>
    </div>
    <div
      class="timer-card-money flex"
    >
      <div
        class="grow"
      >
        Exfiltration:
      </div>
       
      <div
        class="money-value text-green-500"
      >
        $
        700
      </div>
    </div>
    <div
      class="timer-card-money flex"
    >
      <div
        class="grow"
      >
        Dead Drop:
      </div>
       
      <div
        class="money-value text-green-500"
      >
        $
        500
      </div>
    </div>
    <button
      class="mt-2.5 border-2 border-solid border-white text-base rounded-lg p-1 text-center bg-white text-black"
    >
      Delete this timer
    </button>
  </div>,
]
`;
