// Jest Snapshot v1, https://goo.gl/fbAQLP

exports[`TimerCard 1`] = `
NodeList [
  <div
    class="bg-neutral-800 border-solid border-2 rounded-lg border-green-500 m-2.5 p-2.5 relative w-72 sm:w-80"
  >
    <div
      class="ribbon-child"
    >
      NEW
    </div>
    <div
      class="font-bold my-1 text-lg text-green-500"
    >
      Player 1
    </div>
    <div
      class="font-bold my-1 text-lg"
    >
      Timer 1
    </div>
    <ul
      class="timer-card flex justify-center"
    >
      <li
        class="inline-block mx-2.5"
      >
        <span
          class="font-bold text-5xl text-green-500"
        >
          00
        </span>
        <div
          class="text-sm"
        >
          hours
        </div>
      </li>
      <li
        class="inline-block mx-2.5"
      >
        <span
          class="font-bold text-5xl text-green-500"
        >
          00
        </span>
        <div
          class="text-sm"
        >
          minutes
        </div>
      </li>
      <li
        class="inline-block mx-2.5"
      >
        <span
          class="font-bold text-5xl"
        >
          59
        </span>
        <div
          class="text-sm"
        >
          seconds
        </div>
      </li>
    </ul>
    <div
      class="flex text-left pl-2.5"
    >
      <div
        class="grow"
      >
        End Time:
      </div>
       
      <div
        class="font-bold pr-1 text-green-500"
      >
        01:03 AM
      </div>
    </div>
    <div
      class="flex text-left pl-2.5"
    >
      <div
        class="grow"
      >
        Exfiltration:
      </div>
       
      <div
        class="font-bold pr-1 text-green-500"
      >
        $700
      </div>
    </div>
    <div
      class="flex text-left pl-2.5"
    >
      <div
        class="grow"
      >
        Dead Drop:
      </div>
       
      <div
        class="font-bold pr-1 text-green-500"
      >
        $500
      </div>
    </div>
    <button
      class="mt-2.5 border-2 border-solid border-white text-base rounded-lg p-1 text-center bg-white text-black"
    >
      Delete this timer
    </button>
  </div>,
]
`;
